src/components/charts/EquityCurve.tsx(151,29): error TS2322: Type '(value: number) => [string, "Portfolio"]' is not assignable to type 'Formatter<number, "Portfolio"> & ((value: number, name: "Portfolio", item: Payload<number, "Portfolio">, index: number, payload: Payload<number, "Portfolio">[]) => ReactNode | [...])'.
  Type '(value: number) => [string, "Portfolio"]' is not assignable to type 'Formatter<number, "Portfolio">'.
    Types of parameters 'value' and 'value' are incompatible.
      Type 'number | undefined' is not assignable to type 'number'.
        Type 'undefined' is not assignable to type 'number'.
src/components/charts/PnLByDay.tsx(123,29): error TS2322: Type '(value: number, name: string, props: { payload: DailyPnL; }) => [JSX.Element, "P&L"]' is not assignable to type 'Formatter<number, string> & ((value: number, name: string, item: Payload<number, string>, index: number, payload: Payload<number, string>[]) => ReactNode | [...])'.
  Type '(value: number, name: string, props: { payload: DailyPnL; }) => [JSX.Element, "P&L"]' is not assignable to type 'Formatter<number, string>'.
    Types of parameters 'value' and 'value' are incompatible.
      Type 'number | undefined' is not assignable to type 'number'.
        Type 'undefined' is not assignable to type 'number'.
src/components/charts/WinLossChart.tsx(102,29): error TS2322: Type '(value: number) => [string, ""]' is not assignable to type 'Formatter<number, ""> & ((value: number, name: "", item: Payload<number, "">, index: number, payload: Payload<number, "">[]) => ReactNode | [...])'.
  Type '(value: number) => [string, ""]' is not assignable to type 'Formatter<number, "">'.
    Types of parameters 'value' and 'value' are incompatible.
      Type 'number | undefined' is not assignable to type 'number'.
        Type 'undefined' is not assignable to type 'number'.
